Traceback (most recent call last):
  File "D:\³ÌÐò\xxai-square-publisher\scripts\check_log_isolation.py", line 174, in main
    subprocess.run([
    ~~~~~~~~~~~~~~^^
        "unzip", "-q", args.apk, "-d", str(output_dir)
        ^^^^^^^^^^^^^^^^^^^^^^^^^^^^^^^^^^^^^^^^^^^^^^
    ], check=True, capture_output=True)
    ^^^^^^^^^^^^^^^^^^^^^^^^^^^^^^^^^^^
  File "C:\Users\zoran\AppData\Local\Python\pythoncore-3.14-64\Lib\subprocess.py", line 578, in run
    raise CalledProcessError(retcode, process.args,
                             output=stdout, stderr=stderr)
subprocess.CalledProcessError: Command '['unzip', '-q', 'C:/Users/zoran/Desktop/app-release.apk', '-d', 'logs\\apk_resources']' returned non-zero exit status 1.

During handling of the above exception, another exception occurred:

Traceback (most recent call last):
  File "D:\³ÌÐò\xxai-square-publisher\scripts\check_log_isolation.py", line 227, in <module>
    main()
    ~~~~^^
  File "D:\³ÌÐò\xxai-square-publisher\scripts\check_log_isolation.py", line 194, in main
    results["details"]["apk_scan_error"] = str(e)
    ~~~~~~~^^^^^^^^^^^
KeyError: 'details'
